minishell> /bin/echo hello | /usr/bin/rev
olleh
minishell> exit
