> < ./tests/shell_scripts/infile.txt /usr/bin/grep ab
ab
> 