> < ./tests/shell_scripts/infile.txt /usr/bin/grep ab | /usr/bin/wc -c
       3
> 