minishell> echo -n Hello World !
Hello World !minishell> exit
