> echo -n Hello World ! | /bin/cat
Hello World !> exit
