minishell> cat ./tests/shell_scripts/infile.txt
bc
abminishell> exit
