> cat ./tests/shell_scripts/infile.txt | grep ab
ab
> exit
