> < ./tests/shell_scripts/infile.txt grep ab | wc -c
       3
> 