minishell> exit abc
exit
exit: abc: numeric argument required
