minishell> exit 1 2
exit
exit: too many arguments
minishell> exit
