minishell> export FT=42
minishell> bash -c env | grep FT
FT=42
minishell> exit
