minishell> echo $FT"$FT"'$FT'
4242$FT
minishell> exit
