> < ./tests/shell_scripts/infile.txt << EOF cat
> abc
> EOF
abc
> exit
