minishell> << 'EOF' cat
> $USER
> EOF
$USER
minishell> exit
