minishell> << EOF < ./tests/shell_scripts/infile.txt cat
bc
abminishell> exit
