minishell> << EOF cat
> abc
> EOF
abc
minishell> exit
