minishell> unset HOME
minishell> env | grep HOME=
minishell> exit
