minishell> unset HOME USER
minishell> env | grep HOME=
minishell> env | grep USER=
minishell> exit
