minishell> unset PATH
minishell> ls
ls: command not found
minishell> exit
