minishell> export HOGE=USER
minishell> unset ${HOGE}
minishell> env | grep USER=
minishell> exit
